<?xml version="1.0" encoding="utf-8"?><testsuites><testsuite name="pytest" errors="0" failures="0" skipped="0" tests="14" time="72.658" timestamp="2021-01-29T12:49:07.870640" hostname="DESKTOP-A8R233L"><testcase classname="test.test_fis" name="test_setup_league_name" time="0.025" /><testcase classname="test.test_fis" name="test_setup_number_teams" time="0.014" /><testcase classname="test.test_fis" name="test_setup_league_type" time="0.009" /><testcase classname="test.test_fis" name="test_extraction_player_count" time="0.014" /><testcase classname="test.test_fis" name="test_extraction_week_1" time="0.016" /><testcase classname="test.test_fis" name="test_organizer_current_week" time="0.011" /><testcase classname="test.test_fis" name="test_organizer_data_output" time="0.012" /><testcase classname="test.test_fis" name="test_organizer_week_1" time="0.012" /><testcase classname="test.test_fis" name="test_visualizer_week_1_table" time="0.013" /><testcase classname="test.test_fis" name="test_visualizer_week_1_table_correctedness" time="0.013" /><testcase classname="test.test_fis" name="test_visualizer_week_1_score" time="0.021" /><testcase classname="test.test_fis" name="test_visualizer_week_1_score_correctedness" time="0.014" /><testcase classname="test.test_fis" name="test_visualizer_season_table" time="0.012" /><testcase classname="test.test_fis" name="test_visualizer_season_score" time="0.010" /></testsuite></testsuites>